// Jest Snapshot v1, https://goo.gl/fbAQLP

exports[`Carousel Should render 1`] = `
<div
  className="loading"
>
  Loading...
</div>
`;
